// Jest Snapshot v1, https://goo.gl/fbAQLP

exports[`BlankHeader renders correctly 1`] = `
<div
  className="py-12 lg:px-24 p-6 bg-white text-black leading-10"
>
  <div
    className="sm:px-12 md:px-24 justify-between flex flex-row"
  >
    <a
      href="/"
      onClick={[Function]}
      onMouseEnter={[Function]}
    >
      Blank.Foundation
    </a>
    <div
      className="space-x-2 justify-between flex flex-row"
    >
      <div>
        child1
      </div>
      <div>
        child2
      </div>
      <div>
        child3
      </div>
    </div>
  </div>
</div>
`;
