// Jest Snapshot v1, https://goo.gl/fbAQLP

exports[`TWCleanHeader renders correctly 1`] = `
<div
  className=" p-6 bg-white text-black leading-10"
>
  <div
    className="px-24 flex flex-row justify-between"
  >
    <div>
      child1
    </div>
    <div>
      child2
    </div>
    <div>
      child3
    </div>
  </div>
</div>
`;
